    1  2026-09-22 22:37:02 hostnamectl --static set-hostname netmasha-pc
    2  2026-09-22 22:37:02 exit
    3  2026-09-04 23:57:37 ip -br a
    4  2026-09-04 23:58:44 ip r
    5  2026-09-04 23:58:51 ll
    6  2026-09-04 23:58:55 ll /
    7  2026-09-04 23:59:00 lsblk
    8  2026-09-04 23:59:07 free -h
    9  2026-09-04 23:59:59 htop
   10  2026-09-05 00:00:42 sestatus
   11  2026-09-05 00:02:45 cd /opt/
   12  2026-09-05 00:02:47 ll
   13  2026-09-05 00:03:37 mc
   14  2026-09-05 00:04:01 nano hosts
   15  2026-09-05 00:04:34 clear
   16  2026-09-05 00:04:37 tmux
   17  2026-09-05 00:23:04 nano /etc/sysctl.conf
   18  2026-09-05 00:23:14 sudo -i
   19  2026-09-05 00:25:40 clear
   20  2026-09-05 00:25:44 history
   21  2026-09-05 00:27:19 sudo echo 'export HISTTIMEFORMAT="%F %T "' >> ~/.bashrc
   22  2026-09-05 00:27:33 history
   23  2026-09-05 00:27:49 export HISTTIMEFORMAT="%F %T "
   24  2026-09-05 00:27:50 history
   25  2026-09-05 00:28:55 df
   26  2026-09-05 00:28:58 df -h
   27  2026-09-05 00:29:14 cat /proc/cmdline
   28  2026-09-05 00:29:20 ll /.version
   29  2026-09-05 00:29:28 uname -a
   30  2026-09-05 00:30:02 history
   31  2026-09-05 00:30:17 stat /etc/passwd
   32  2026-09-05 00:31:39 ps aux
   33  2026-09-05 00:32:02 uname -m
   34  2026-09-05 00:32:06 lscpu
   35  2026-09-05 00:32:59 cat /proc/sys/kernel/pid_max 
   36  2026-09-05 00:42:35 shutdown
   37  2026-09-05 00:42:42 shutdown now
   38  2026-09-07 19:25:20 quit
   39  2026-09-07 19:25:24 exit
   40  2026-09-22 22:37:05 clear
   41  2026-09-22 22:39:38 372943
   42  2026-09-22 22:39:47 clear
   43  2026-09-22 22:42:57 sudo groupadd students
   44  2026-09-22 22:43:41 sudo useradd -u 1234 -g students -m user1
   45  2026-09-22 22:44:05 sudo passwd user1
   46  2026-09-22 22:45:00 sudo chage -M 90 user1
   47  2026-09-22 22:45:11 sudo chage -l user1
   48  2026-09-22 22:49:49 sudo find / -perm -4000 -type f 2>/dev/null > ~/suid_files.out
   49  2026-09-22 22:52:17 ps -eo pid,ruid,euid,comm | awk '$3 == 0 && $2 != 0'
   50  2026-09-22 22:52:36 tmux
   51  2026-09-22 23:00:42 sudo cp /usr/bin/tee /home/user1/netmashasuidtee
   52  2026-09-22 23:02:17 sudo chown root:root /home/user1/netmashasuidtee
   53  2026-09-22 23:03:06 sudo chmod u+s /home/user1/netmashasuidtee
   54  2026-09-22 23:03:35 ls -l /home/user1/netmashasuidtee
   55  2026-09-22 23:03:42 sudo ls -l /home/user1/netmashasuidtee
   56  2026-09-22 23:04:14 su - user1
   57  2026-09-22 23:13:34 clear
   58  2026-09-22 23:14:05 sudo cp /usr/bin/chown /home/user1/mycapchown
   59  2026-09-22 23:15:10 sudo setcap cap_chown+ep /home/user1/mycapchown
   60  2026-09-22 23:15:53 su - user1 
   61  2026-09-22 23:17:38 sudo visudo
   62  2026-09-22 23:20:21 su - user1 
   63  2026-01-01 12:00:52 ll
   64  2026-01-01 12:01:33 history > ~/history.out
