root:$y$j9T$BRBxzg6eSgGlFAum0llpTjno$blg2q1xbZuXFo63Gb7t1xn8B3L2EMOUacvXQ07r8lfA::0:99999:7:::
bin:*:20047:0:99999:7:::
daemon:*:20047:0:99999:7:::
adm:*:20047:0:99999:7:::
lp:*:20047:0:99999:7:::
sync:*:20047:0:99999:7:::
shutdown:*:20047:0:99999:7:::
halt:*:20047:0:99999:7:::
mail:*:20047:0:99999:7:::
operator:*:20047:0:99999:7:::
games:*:20047:0:99999:7:::
ftp:*:20047:0:99999:7:::
nobody:*:20047:0:99999:7:::
dbus:!!:20700::::::
tss:!!:20700::::::
systemd-oom:!*:20700::::::
systemd-resolve:!*:20700::::::
polkitd:!!:20700::::::
postgres:!!:20700::::::
postfix:!!:20700::::::
kea:!!:20700::::::
sshd:!!:20700::::::
chrony:!!:20700::::::
dnsmasq:!!:20700::::::
systemd-coredump:!*:20700::::::
systemd-timesync:!*:20700::::::
netmasha:$y$j9T$6lIPDfZhDj8i2dYrzocw87vL$rXf0auRXr.4YrOzil3q47cT4GIYsxSZu89xXHOG42e.::0:99999:7:::
user1:$y$j9T$9iKQtIowdwcLvwlvCNJfL1$Wlnh8rGQOD7gsSaL07yzy8KWCNHDBu8gQLMIks9lU5/:20718:0:90:7:::
